// Jest Snapshot v1, https://goo.gl/fbAQLP

exports[`Testing Accordion app The component opens a clicked section 1`] = `
<ul>
  <li
    key="0"
  >
    <button
      id={0}
      onClick={[Function]}
    >
      Section 1
    </button>
  </li>
  <li
    key="1"
  >
    <button
      id={1}
      onClick={[Function]}
    >
      Section 2
    </button>
  </li>
  <li
    key="2"
  >
    <button
      id={2}
      onClick={[Function]}
    >
      Section 3
    </button>
  </li>
</ul>
`;

exports[`Testing Accordion app The component renders no sections as active by default 1`] = `
<ul>
  <li
    key="0"
  >
    <button
      id={0}
      onClick={[Function]}
    >
      Section 1
    </button>
  </li>
  <li
    key="1"
  >
    <button
      id={1}
      onClick={[Function]}
    >
      Section 2
    </button>
  </li>
  <li
    key="2"
  >
    <button
      id={2}
      onClick={[Function]}
    >
      Section 3
    </button>
  </li>
</ul>
`;

exports[`Testing Accordion app only opens one section at a time 1`] = `
<ul>
  <li
    key="0"
  >
    <button
      id={0}
      onClick={[Function]}
    >
      Section 1
    </button>
  </li>
  <li
    key="1"
  >
    <button
      id={1}
      onClick={[Function]}
    >
      Section 2
    </button>
  </li>
  <li
    key="2"
  >
    <button
      id={2}
      onClick={[Function]}
    >
      Section 3
    </button>
  </li>
</ul>
`;

exports[`Testing Accordion app renders empty given sections 1`] = `<ul />`;
